Copyright 1986-2019 Xilinx, Inc. All Rights Reserved.
------------------------------------------------------------------------------------------------------------------------------------------------------
| Tool Version : Vivado v.2019.1 (lin64) Build 2552052 Fri May 24 14:47:09 MDT 2019
| Date         : Sat Jun 12 18:26:15 2021
| Host         : koutarou-ws running 64-bit Ubuntu 16.04.7 LTS
| Command      : report_drc -file xxv_ethernet_0_exdes_drc_routed.rpt -pb xxv_ethernet_0_exdes_drc_routed.pb -rpx xxv_ethernet_0_exdes_drc_routed.rpx
| Design       : xxv_ethernet_0_exdes
| Device       : xczu19eg-ffvc1760-2-i
| Speed File   : -2
| Design State : Fully Routed
------------------------------------------------------------------------------------------------------------------------------------------------------

Report DRC

Table of Contents
-----------------
1. REPORT SUMMARY
2. REPORT DETAILS

1. REPORT SUMMARY
-----------------
            Netlist: netlist
          Floorplan: design_1
      Design limits: <entire design considered>
           Ruledeck: default
             Max violations: <unlimited>
             Violations found: 92
+----------+----------+-------------------+------------+
| Rule     | Severity | Description       | Violations |
+----------+----------+-------------------+------------+
| PDRC-153 | Warning  | Gated clock check | 92         |
+----------+----------+-------------------+------------+

2. REPORT DETAILS
-----------------
PDRC-153#1 Warning
Gated clock check  
Net fpga_core_inst/mqtt_top_inst/msg_fifo_inst/axis_fifo_t/E[0] is a gated clock net sourced by a combinational pin fpga_core_inst/mqtt_top_inst/msg_fifo_inst/axis_fifo_t/tdata_next_reg[295]_i_2/O, cell fpga_core_inst/mqtt_top_inst/msg_fifo_inst/axis_fifo_t/tdata_next_reg[295]_i_2. This is not good design practice and will likely impact performance. For SLICE registers, for example, use the CE pin to control the loading of data.
Related violations: <none>

PDRC-153#2 Warning
Gated clock check  
Net fpga_core_inst/mqtt_top_inst/msg_fifo_inst/axis_fifo_t/E[10] is a gated clock net sourced by a combinational pin fpga_core_inst/mqtt_top_inst/msg_fifo_inst/axis_fifo_t/tdata_next_reg[375]_i_2/O, cell fpga_core_inst/mqtt_top_inst/msg_fifo_inst/axis_fifo_t/tdata_next_reg[375]_i_2. This is not good design practice and will likely impact performance. For SLICE registers, for example, use the CE pin to control the loading of data.
Related violations: <none>

PDRC-153#3 Warning
Gated clock check  
Net fpga_core_inst/mqtt_top_inst/msg_fifo_inst/axis_fifo_t/E[11] is a gated clock net sourced by a combinational pin fpga_core_inst/mqtt_top_inst/msg_fifo_inst/axis_fifo_t/tdata_next_reg[383]_i_2/O, cell fpga_core_inst/mqtt_top_inst/msg_fifo_inst/axis_fifo_t/tdata_next_reg[383]_i_2. This is not good design practice and will likely impact performance. For SLICE registers, for example, use the CE pin to control the loading of data.
Related violations: <none>

PDRC-153#4 Warning
Gated clock check  
Net fpga_core_inst/mqtt_top_inst/msg_fifo_inst/axis_fifo_t/E[12] is a gated clock net sourced by a combinational pin fpga_core_inst/mqtt_top_inst/msg_fifo_inst/axis_fifo_t/tdata_next_reg[391]_i_2/O, cell fpga_core_inst/mqtt_top_inst/msg_fifo_inst/axis_fifo_t/tdata_next_reg[391]_i_2. This is not good design practice and will likely impact performance. For SLICE registers, for example, use the CE pin to control the loading of data.
Related violations: <none>

PDRC-153#5 Warning
Gated clock check  
Net fpga_core_inst/mqtt_top_inst/msg_fifo_inst/axis_fifo_t/E[13] is a gated clock net sourced by a combinational pin fpga_core_inst/mqtt_top_inst/msg_fifo_inst/axis_fifo_t/tdata_next_reg[399]_i_2/O, cell fpga_core_inst/mqtt_top_inst/msg_fifo_inst/axis_fifo_t/tdata_next_reg[399]_i_2. This is not good design practice and will likely impact performance. For SLICE registers, for example, use the CE pin to control the loading of data.
Related violations: <none>

PDRC-153#6 Warning
Gated clock check  
Net fpga_core_inst/mqtt_top_inst/msg_fifo_inst/axis_fifo_t/E[14] is a gated clock net sourced by a combinational pin fpga_core_inst/mqtt_top_inst/msg_fifo_inst/axis_fifo_t/tdata_next_reg[407]_i_2/O, cell fpga_core_inst/mqtt_top_inst/msg_fifo_inst/axis_fifo_t/tdata_next_reg[407]_i_2. This is not good design practice and will likely impact performance. For SLICE registers, for example, use the CE pin to control the loading of data.
Related violations: <none>

PDRC-153#7 Warning
Gated clock check  
Net fpga_core_inst/mqtt_top_inst/msg_fifo_inst/axis_fifo_t/E[15] is a gated clock net sourced by a combinational pin fpga_core_inst/mqtt_top_inst/msg_fifo_inst/axis_fifo_t/tdata_next_reg[415]_i_2/O, cell fpga_core_inst/mqtt_top_inst/msg_fifo_inst/axis_fifo_t/tdata_next_reg[415]_i_2. This is not good design practice and will likely impact performance. For SLICE registers, for example, use the CE pin to control the loading of data.
Related violations: <none>

PDRC-153#8 Warning
Gated clock check  
Net fpga_core_inst/mqtt_top_inst/msg_fifo_inst/axis_fifo_t/E[16] is a gated clock net sourced by a combinational pin fpga_core_inst/mqtt_top_inst/msg_fifo_inst/axis_fifo_t/tdata_next_reg[423]_i_2/O, cell fpga_core_inst/mqtt_top_inst/msg_fifo_inst/axis_fifo_t/tdata_next_reg[423]_i_2. This is not good design practice and will likely impact performance. For SLICE registers, for example, use the CE pin to control the loading of data.
Related violations: <none>

PDRC-153#9 Warning
Gated clock check  
Net fpga_core_inst/mqtt_top_inst/msg_fifo_inst/axis_fifo_t/E[17] is a gated clock net sourced by a combinational pin fpga_core_inst/mqtt_top_inst/msg_fifo_inst/axis_fifo_t/tdata_next_reg[431]_i_2/O, cell fpga_core_inst/mqtt_top_inst/msg_fifo_inst/axis_fifo_t/tdata_next_reg[431]_i_2. This is not good design practice and will likely impact performance. For SLICE registers, for example, use the CE pin to control the loading of data.
Related violations: <none>

PDRC-153#10 Warning
Gated clock check  
Net fpga_core_inst/mqtt_top_inst/msg_fifo_inst/axis_fifo_t/E[18] is a gated clock net sourced by a combinational pin fpga_core_inst/mqtt_top_inst/msg_fifo_inst/axis_fifo_t/tdata_next_reg[439]_i_2/O, cell fpga_core_inst/mqtt_top_inst/msg_fifo_inst/axis_fifo_t/tdata_next_reg[439]_i_2. This is not good design practice and will likely impact performance. For SLICE registers, for example, use the CE pin to control the loading of data.
Related violations: <none>

PDRC-153#11 Warning
Gated clock check  
Net fpga_core_inst/mqtt_top_inst/msg_fifo_inst/axis_fifo_t/E[19] is a gated clock net sourced by a combinational pin fpga_core_inst/mqtt_top_inst/msg_fifo_inst/axis_fifo_t/tdata_next_reg[447]_i_2/O, cell fpga_core_inst/mqtt_top_inst/msg_fifo_inst/axis_fifo_t/tdata_next_reg[447]_i_2. This is not good design practice and will likely impact performance. For SLICE registers, for example, use the CE pin to control the loading of data.
Related violations: <none>

PDRC-153#12 Warning
Gated clock check  
Net fpga_core_inst/mqtt_top_inst/msg_fifo_inst/axis_fifo_t/E[1] is a gated clock net sourced by a combinational pin fpga_core_inst/mqtt_top_inst/msg_fifo_inst/axis_fifo_t/tdata_next_reg[303]_i_2/O, cell fpga_core_inst/mqtt_top_inst/msg_fifo_inst/axis_fifo_t/tdata_next_reg[303]_i_2. This is not good design practice and will likely impact performance. For SLICE registers, for example, use the CE pin to control the loading of data.
Related violations: <none>

PDRC-153#13 Warning
Gated clock check  
Net fpga_core_inst/mqtt_top_inst/msg_fifo_inst/axis_fifo_t/E[20] is a gated clock net sourced by a combinational pin fpga_core_inst/mqtt_top_inst/msg_fifo_inst/axis_fifo_t/tdata_next_reg[455]_i_2/O, cell fpga_core_inst/mqtt_top_inst/msg_fifo_inst/axis_fifo_t/tdata_next_reg[455]_i_2. This is not good design practice and will likely impact performance. For SLICE registers, for example, use the CE pin to control the loading of data.
Related violations: <none>

PDRC-153#14 Warning
Gated clock check  
Net fpga_core_inst/mqtt_top_inst/msg_fifo_inst/axis_fifo_t/E[21] is a gated clock net sourced by a combinational pin fpga_core_inst/mqtt_top_inst/msg_fifo_inst/axis_fifo_t/tdata_next_reg[463]_i_2/O, cell fpga_core_inst/mqtt_top_inst/msg_fifo_inst/axis_fifo_t/tdata_next_reg[463]_i_2. This is not good design practice and will likely impact performance. For SLICE registers, for example, use the CE pin to control the loading of data.
Related violations: <none>

PDRC-153#15 Warning
Gated clock check  
Net fpga_core_inst/mqtt_top_inst/msg_fifo_inst/axis_fifo_t/E[22] is a gated clock net sourced by a combinational pin fpga_core_inst/mqtt_top_inst/msg_fifo_inst/axis_fifo_t/tdata_next_reg[471]_i_2/O, cell fpga_core_inst/mqtt_top_inst/msg_fifo_inst/axis_fifo_t/tdata_next_reg[471]_i_2. This is not good design practice and will likely impact performance. For SLICE registers, for example, use the CE pin to control the loading of data.
Related violations: <none>

PDRC-153#16 Warning
Gated clock check  
Net fpga_core_inst/mqtt_top_inst/msg_fifo_inst/axis_fifo_t/E[23] is a gated clock net sourced by a combinational pin fpga_core_inst/mqtt_top_inst/msg_fifo_inst/axis_fifo_t/tdata_next_reg[479]_i_2/O, cell fpga_core_inst/mqtt_top_inst/msg_fifo_inst/axis_fifo_t/tdata_next_reg[479]_i_2. This is not good design practice and will likely impact performance. For SLICE registers, for example, use the CE pin to control the loading of data.
Related violations: <none>

PDRC-153#17 Warning
Gated clock check  
Net fpga_core_inst/mqtt_top_inst/msg_fifo_inst/axis_fifo_t/E[24] is a gated clock net sourced by a combinational pin fpga_core_inst/mqtt_top_inst/msg_fifo_inst/axis_fifo_t/tdata_next_reg[487]_i_2/O, cell fpga_core_inst/mqtt_top_inst/msg_fifo_inst/axis_fifo_t/tdata_next_reg[487]_i_2. This is not good design practice and will likely impact performance. For SLICE registers, for example, use the CE pin to control the loading of data.
Related violations: <none>

PDRC-153#18 Warning
Gated clock check  
Net fpga_core_inst/mqtt_top_inst/msg_fifo_inst/axis_fifo_t/E[25] is a gated clock net sourced by a combinational pin fpga_core_inst/mqtt_top_inst/msg_fifo_inst/axis_fifo_t/tdata_next_reg[495]_i_2/O, cell fpga_core_inst/mqtt_top_inst/msg_fifo_inst/axis_fifo_t/tdata_next_reg[495]_i_2. This is not good design practice and will likely impact performance. For SLICE registers, for example, use the CE pin to control the loading of data.
Related violations: <none>

PDRC-153#19 Warning
Gated clock check  
Net fpga_core_inst/mqtt_top_inst/msg_fifo_inst/axis_fifo_t/E[26] is a gated clock net sourced by a combinational pin fpga_core_inst/mqtt_top_inst/msg_fifo_inst/axis_fifo_t/tdata_next_reg[503]_i_2/O, cell fpga_core_inst/mqtt_top_inst/msg_fifo_inst/axis_fifo_t/tdata_next_reg[503]_i_2. This is not good design practice and will likely impact performance. For SLICE registers, for example, use the CE pin to control the loading of data.
Related violations: <none>

PDRC-153#20 Warning
Gated clock check  
Net fpga_core_inst/mqtt_top_inst/msg_fifo_inst/axis_fifo_t/E[27] is a gated clock net sourced by a combinational pin fpga_core_inst/mqtt_top_inst/msg_fifo_inst/axis_fifo_t/tdata_next_reg[511]_i_2/O, cell fpga_core_inst/mqtt_top_inst/msg_fifo_inst/axis_fifo_t/tdata_next_reg[511]_i_2. This is not good design practice and will likely impact performance. For SLICE registers, for example, use the CE pin to control the loading of data.
Related violations: <none>

PDRC-153#21 Warning
Gated clock check  
Net fpga_core_inst/mqtt_top_inst/msg_fifo_inst/axis_fifo_t/E[28] is a gated clock net sourced by a combinational pin fpga_core_inst/mqtt_top_inst/msg_fifo_inst/axis_fifo_t/tdata_next_reg[519]_i_2/O, cell fpga_core_inst/mqtt_top_inst/msg_fifo_inst/axis_fifo_t/tdata_next_reg[519]_i_2. This is not good design practice and will likely impact performance. For SLICE registers, for example, use the CE pin to control the loading of data.
Related violations: <none>

PDRC-153#22 Warning
Gated clock check  
Net fpga_core_inst/mqtt_top_inst/msg_fifo_inst/axis_fifo_t/E[29] is a gated clock net sourced by a combinational pin fpga_core_inst/mqtt_top_inst/msg_fifo_inst/axis_fifo_t/tdata_next_reg[527]_i_2/O, cell fpga_core_inst/mqtt_top_inst/msg_fifo_inst/axis_fifo_t/tdata_next_reg[527]_i_2. This is not good design practice and will likely impact performance. For SLICE registers, for example, use the CE pin to control the loading of data.
Related violations: <none>

PDRC-153#23 Warning
Gated clock check  
Net fpga_core_inst/mqtt_top_inst/msg_fifo_inst/axis_fifo_t/E[2] is a gated clock net sourced by a combinational pin fpga_core_inst/mqtt_top_inst/msg_fifo_inst/axis_fifo_t/tdata_next_reg[311]_i_2/O, cell fpga_core_inst/mqtt_top_inst/msg_fifo_inst/axis_fifo_t/tdata_next_reg[311]_i_2. This is not good design practice and will likely impact performance. For SLICE registers, for example, use the CE pin to control the loading of data.
Related violations: <none>

PDRC-153#24 Warning
Gated clock check  
Net fpga_core_inst/mqtt_top_inst/msg_fifo_inst/axis_fifo_t/E[30] is a gated clock net sourced by a combinational pin fpga_core_inst/mqtt_top_inst/msg_fifo_inst/axis_fifo_t/tdata_next_reg[535]_i_2/O, cell fpga_core_inst/mqtt_top_inst/msg_fifo_inst/axis_fifo_t/tdata_next_reg[535]_i_2. This is not good design practice and will likely impact performance. For SLICE registers, for example, use the CE pin to control the loading of data.
Related violations: <none>

PDRC-153#25 Warning
Gated clock check  
Net fpga_core_inst/mqtt_top_inst/msg_fifo_inst/axis_fifo_t/E[31] is a gated clock net sourced by a combinational pin fpga_core_inst/mqtt_top_inst/msg_fifo_inst/axis_fifo_t/tdata_next_reg[543]_i_2/O, cell fpga_core_inst/mqtt_top_inst/msg_fifo_inst/axis_fifo_t/tdata_next_reg[543]_i_2. This is not good design practice and will likely impact performance. For SLICE registers, for example, use the CE pin to control the loading of data.
Related violations: <none>

PDRC-153#26 Warning
Gated clock check  
Net fpga_core_inst/mqtt_top_inst/msg_fifo_inst/axis_fifo_t/E[32] is a gated clock net sourced by a combinational pin fpga_core_inst/mqtt_top_inst/msg_fifo_inst/axis_fifo_t/tdata_next_reg[551]_i_2/O, cell fpga_core_inst/mqtt_top_inst/msg_fifo_inst/axis_fifo_t/tdata_next_reg[551]_i_2. This is not good design practice and will likely impact performance. For SLICE registers, for example, use the CE pin to control the loading of data.
Related violations: <none>

PDRC-153#27 Warning
Gated clock check  
Net fpga_core_inst/mqtt_top_inst/msg_fifo_inst/axis_fifo_t/E[33] is a gated clock net sourced by a combinational pin fpga_core_inst/mqtt_top_inst/msg_fifo_inst/axis_fifo_t/tdata_next_reg[559]_i_2/O, cell fpga_core_inst/mqtt_top_inst/msg_fifo_inst/axis_fifo_t/tdata_next_reg[559]_i_2. This is not good design practice and will likely impact performance. For SLICE registers, for example, use the CE pin to control the loading of data.
Related violations: <none>

PDRC-153#28 Warning
Gated clock check  
Net fpga_core_inst/mqtt_top_inst/msg_fifo_inst/axis_fifo_t/E[34] is a gated clock net sourced by a combinational pin fpga_core_inst/mqtt_top_inst/msg_fifo_inst/axis_fifo_t/tdata_next_reg[567]_i_2/O, cell fpga_core_inst/mqtt_top_inst/msg_fifo_inst/axis_fifo_t/tdata_next_reg[567]_i_2. This is not good design practice and will likely impact performance. For SLICE registers, for example, use the CE pin to control the loading of data.
Related violations: <none>

PDRC-153#29 Warning
Gated clock check  
Net fpga_core_inst/mqtt_top_inst/msg_fifo_inst/axis_fifo_t/E[35] is a gated clock net sourced by a combinational pin fpga_core_inst/mqtt_top_inst/msg_fifo_inst/axis_fifo_t/tdata_next_reg[575]_i_2/O, cell fpga_core_inst/mqtt_top_inst/msg_fifo_inst/axis_fifo_t/tdata_next_reg[575]_i_2. This is not good design practice and will likely impact performance. For SLICE registers, for example, use the CE pin to control the loading of data.
Related violations: <none>

PDRC-153#30 Warning
Gated clock check  
Net fpga_core_inst/mqtt_top_inst/msg_fifo_inst/axis_fifo_t/E[36] is a gated clock net sourced by a combinational pin fpga_core_inst/mqtt_top_inst/msg_fifo_inst/axis_fifo_t/tdata_next_reg[583]_i_2/O, cell fpga_core_inst/mqtt_top_inst/msg_fifo_inst/axis_fifo_t/tdata_next_reg[583]_i_2. This is not good design practice and will likely impact performance. For SLICE registers, for example, use the CE pin to control the loading of data.
Related violations: <none>

PDRC-153#31 Warning
Gated clock check  
Net fpga_core_inst/mqtt_top_inst/msg_fifo_inst/axis_fifo_t/E[37] is a gated clock net sourced by a combinational pin fpga_core_inst/mqtt_top_inst/msg_fifo_inst/axis_fifo_t/tdata_next_reg[591]_i_2/O, cell fpga_core_inst/mqtt_top_inst/msg_fifo_inst/axis_fifo_t/tdata_next_reg[591]_i_2. This is not good design practice and will likely impact performance. For SLICE registers, for example, use the CE pin to control the loading of data.
Related violations: <none>

PDRC-153#32 Warning
Gated clock check  
Net fpga_core_inst/mqtt_top_inst/msg_fifo_inst/axis_fifo_t/E[38] is a gated clock net sourced by a combinational pin fpga_core_inst/mqtt_top_inst/msg_fifo_inst/axis_fifo_t/tdata_next_reg[599]_i_2/O, cell fpga_core_inst/mqtt_top_inst/msg_fifo_inst/axis_fifo_t/tdata_next_reg[599]_i_2. This is not good design practice and will likely impact performance. For SLICE registers, for example, use the CE pin to control the loading of data.
Related violations: <none>

PDRC-153#33 Warning
Gated clock check  
Net fpga_core_inst/mqtt_top_inst/msg_fifo_inst/axis_fifo_t/E[39] is a gated clock net sourced by a combinational pin fpga_core_inst/mqtt_top_inst/msg_fifo_inst/axis_fifo_t/tdata_next_reg[607]_i_2/O, cell fpga_core_inst/mqtt_top_inst/msg_fifo_inst/axis_fifo_t/tdata_next_reg[607]_i_2. This is not good design practice and will likely impact performance. For SLICE registers, for example, use the CE pin to control the loading of data.
Related violations: <none>

PDRC-153#34 Warning
Gated clock check  
Net fpga_core_inst/mqtt_top_inst/msg_fifo_inst/axis_fifo_t/E[3] is a gated clock net sourced by a combinational pin fpga_core_inst/mqtt_top_inst/msg_fifo_inst/axis_fifo_t/tdata_next_reg[319]_i_2/O, cell fpga_core_inst/mqtt_top_inst/msg_fifo_inst/axis_fifo_t/tdata_next_reg[319]_i_2. This is not good design practice and will likely impact performance. For SLICE registers, for example, use the CE pin to control the loading of data.
Related violations: <none>

PDRC-153#35 Warning
Gated clock check  
Net fpga_core_inst/mqtt_top_inst/msg_fifo_inst/axis_fifo_t/E[40] is a gated clock net sourced by a combinational pin fpga_core_inst/mqtt_top_inst/msg_fifo_inst/axis_fifo_t/tdata_next_reg[615]_i_2/O, cell fpga_core_inst/mqtt_top_inst/msg_fifo_inst/axis_fifo_t/tdata_next_reg[615]_i_2. This is not good design practice and will likely impact performance. For SLICE registers, for example, use the CE pin to control the loading of data.
Related violations: <none>

PDRC-153#36 Warning
Gated clock check  
Net fpga_core_inst/mqtt_top_inst/msg_fifo_inst/axis_fifo_t/E[41] is a gated clock net sourced by a combinational pin fpga_core_inst/mqtt_top_inst/msg_fifo_inst/axis_fifo_t/tdata_next_reg[623]_i_2/O, cell fpga_core_inst/mqtt_top_inst/msg_fifo_inst/axis_fifo_t/tdata_next_reg[623]_i_2. This is not good design practice and will likely impact performance. For SLICE registers, for example, use the CE pin to control the loading of data.
Related violations: <none>

PDRC-153#37 Warning
Gated clock check  
Net fpga_core_inst/mqtt_top_inst/msg_fifo_inst/axis_fifo_t/E[42] is a gated clock net sourced by a combinational pin fpga_core_inst/mqtt_top_inst/msg_fifo_inst/axis_fifo_t/tdata_next_reg[631]_i_2/O, cell fpga_core_inst/mqtt_top_inst/msg_fifo_inst/axis_fifo_t/tdata_next_reg[631]_i_2. This is not good design practice and will likely impact performance. For SLICE registers, for example, use the CE pin to control the loading of data.
Related violations: <none>

PDRC-153#38 Warning
Gated clock check  
Net fpga_core_inst/mqtt_top_inst/msg_fifo_inst/axis_fifo_t/E[43] is a gated clock net sourced by a combinational pin fpga_core_inst/mqtt_top_inst/msg_fifo_inst/axis_fifo_t/tdata_next_reg[639]_i_2/O, cell fpga_core_inst/mqtt_top_inst/msg_fifo_inst/axis_fifo_t/tdata_next_reg[639]_i_2. This is not good design practice and will likely impact performance. For SLICE registers, for example, use the CE pin to control the loading of data.
Related violations: <none>

PDRC-153#39 Warning
Gated clock check  
Net fpga_core_inst/mqtt_top_inst/msg_fifo_inst/axis_fifo_t/E[44] is a gated clock net sourced by a combinational pin fpga_core_inst/mqtt_top_inst/msg_fifo_inst/axis_fifo_t/tdata_next_reg[647]_i_2/O, cell fpga_core_inst/mqtt_top_inst/msg_fifo_inst/axis_fifo_t/tdata_next_reg[647]_i_2. This is not good design practice and will likely impact performance. For SLICE registers, for example, use the CE pin to control the loading of data.
Related violations: <none>

PDRC-153#40 Warning
Gated clock check  
Net fpga_core_inst/mqtt_top_inst/msg_fifo_inst/axis_fifo_t/E[45] is a gated clock net sourced by a combinational pin fpga_core_inst/mqtt_top_inst/msg_fifo_inst/axis_fifo_t/tdata_next_reg[655]_i_2/O, cell fpga_core_inst/mqtt_top_inst/msg_fifo_inst/axis_fifo_t/tdata_next_reg[655]_i_2. This is not good design practice and will likely impact performance. For SLICE registers, for example, use the CE pin to control the loading of data.
Related violations: <none>

PDRC-153#41 Warning
Gated clock check  
Net fpga_core_inst/mqtt_top_inst/msg_fifo_inst/axis_fifo_t/E[46] is a gated clock net sourced by a combinational pin fpga_core_inst/mqtt_top_inst/msg_fifo_inst/axis_fifo_t/tdata_next_reg[663]_i_2/O, cell fpga_core_inst/mqtt_top_inst/msg_fifo_inst/axis_fifo_t/tdata_next_reg[663]_i_2. This is not good design practice and will likely impact performance. For SLICE registers, for example, use the CE pin to control the loading of data.
Related violations: <none>

PDRC-153#42 Warning
Gated clock check  
Net fpga_core_inst/mqtt_top_inst/msg_fifo_inst/axis_fifo_t/E[47] is a gated clock net sourced by a combinational pin fpga_core_inst/mqtt_top_inst/msg_fifo_inst/axis_fifo_t/tdata_next_reg[671]_i_2/O, cell fpga_core_inst/mqtt_top_inst/msg_fifo_inst/axis_fifo_t/tdata_next_reg[671]_i_2. This is not good design practice and will likely impact performance. For SLICE registers, for example, use the CE pin to control the loading of data.
Related violations: <none>

PDRC-153#43 Warning
Gated clock check  
Net fpga_core_inst/mqtt_top_inst/msg_fifo_inst/axis_fifo_t/E[48] is a gated clock net sourced by a combinational pin fpga_core_inst/mqtt_top_inst/msg_fifo_inst/axis_fifo_t/tdata_next_reg[679]_i_2/O, cell fpga_core_inst/mqtt_top_inst/msg_fifo_inst/axis_fifo_t/tdata_next_reg[679]_i_2. This is not good design practice and will likely impact performance. For SLICE registers, for example, use the CE pin to control the loading of data.
Related violations: <none>

PDRC-153#44 Warning
Gated clock check  
Net fpga_core_inst/mqtt_top_inst/msg_fifo_inst/axis_fifo_t/E[49] is a gated clock net sourced by a combinational pin fpga_core_inst/mqtt_top_inst/msg_fifo_inst/axis_fifo_t/tdata_next_reg[687]_i_2/O, cell fpga_core_inst/mqtt_top_inst/msg_fifo_inst/axis_fifo_t/tdata_next_reg[687]_i_2. This is not good design practice and will likely impact performance. For SLICE registers, for example, use the CE pin to control the loading of data.
Related violations: <none>

PDRC-153#45 Warning
Gated clock check  
Net fpga_core_inst/mqtt_top_inst/msg_fifo_inst/axis_fifo_t/E[4] is a gated clock net sourced by a combinational pin fpga_core_inst/mqtt_top_inst/msg_fifo_inst/axis_fifo_t/tdata_next_reg[327]_i_2/O, cell fpga_core_inst/mqtt_top_inst/msg_fifo_inst/axis_fifo_t/tdata_next_reg[327]_i_2. This is not good design practice and will likely impact performance. For SLICE registers, for example, use the CE pin to control the loading of data.
Related violations: <none>

PDRC-153#46 Warning
Gated clock check  
Net fpga_core_inst/mqtt_top_inst/msg_fifo_inst/axis_fifo_t/E[50] is a gated clock net sourced by a combinational pin fpga_core_inst/mqtt_top_inst/msg_fifo_inst/axis_fifo_t/tdata_next_reg[695]_i_2/O, cell fpga_core_inst/mqtt_top_inst/msg_fifo_inst/axis_fifo_t/tdata_next_reg[695]_i_2. This is not good design practice and will likely impact performance. For SLICE registers, for example, use the CE pin to control the loading of data.
Related violations: <none>

PDRC-153#47 Warning
Gated clock check  
Net fpga_core_inst/mqtt_top_inst/msg_fifo_inst/axis_fifo_t/E[51] is a gated clock net sourced by a combinational pin fpga_core_inst/mqtt_top_inst/msg_fifo_inst/axis_fifo_t/tdata_next_reg[703]_i_2/O, cell fpga_core_inst/mqtt_top_inst/msg_fifo_inst/axis_fifo_t/tdata_next_reg[703]_i_2. This is not good design practice and will likely impact performance. For SLICE registers, for example, use the CE pin to control the loading of data.
Related violations: <none>

PDRC-153#48 Warning
Gated clock check  
Net fpga_core_inst/mqtt_top_inst/msg_fifo_inst/axis_fifo_t/E[52] is a gated clock net sourced by a combinational pin fpga_core_inst/mqtt_top_inst/msg_fifo_inst/axis_fifo_t/tdata_next_reg[711]_i_2/O, cell fpga_core_inst/mqtt_top_inst/msg_fifo_inst/axis_fifo_t/tdata_next_reg[711]_i_2. This is not good design practice and will likely impact performance. For SLICE registers, for example, use the CE pin to control the loading of data.
Related violations: <none>

PDRC-153#49 Warning
Gated clock check  
Net fpga_core_inst/mqtt_top_inst/msg_fifo_inst/axis_fifo_t/E[53] is a gated clock net sourced by a combinational pin fpga_core_inst/mqtt_top_inst/msg_fifo_inst/axis_fifo_t/tdata_next_reg[719]_i_2/O, cell fpga_core_inst/mqtt_top_inst/msg_fifo_inst/axis_fifo_t/tdata_next_reg[719]_i_2. This is not good design practice and will likely impact performance. For SLICE registers, for example, use the CE pin to control the loading of data.
Related violations: <none>

PDRC-153#50 Warning
Gated clock check  
Net fpga_core_inst/mqtt_top_inst/msg_fifo_inst/axis_fifo_t/E[54] is a gated clock net sourced by a combinational pin fpga_core_inst/mqtt_top_inst/msg_fifo_inst/axis_fifo_t/tdata_next_reg[727]_i_2/O, cell fpga_core_inst/mqtt_top_inst/msg_fifo_inst/axis_fifo_t/tdata_next_reg[727]_i_2. This is not good design practice and will likely impact performance. For SLICE registers, for example, use the CE pin to control the loading of data.
Related violations: <none>

PDRC-153#51 Warning
Gated clock check  
Net fpga_core_inst/mqtt_top_inst/msg_fifo_inst/axis_fifo_t/E[55] is a gated clock net sourced by a combinational pin fpga_core_inst/mqtt_top_inst/msg_fifo_inst/axis_fifo_t/tdata_next_reg[735]_i_2/O, cell fpga_core_inst/mqtt_top_inst/msg_fifo_inst/axis_fifo_t/tdata_next_reg[735]_i_2. This is not good design practice and will likely impact performance. For SLICE registers, for example, use the CE pin to control the loading of data.
Related violations: <none>

PDRC-153#52 Warning
Gated clock check  
Net fpga_core_inst/mqtt_top_inst/msg_fifo_inst/axis_fifo_t/E[56] is a gated clock net sourced by a combinational pin fpga_core_inst/mqtt_top_inst/msg_fifo_inst/axis_fifo_t/tdata_next_reg[743]_i_2/O, cell fpga_core_inst/mqtt_top_inst/msg_fifo_inst/axis_fifo_t/tdata_next_reg[743]_i_2. This is not good design practice and will likely impact performance. For SLICE registers, for example, use the CE pin to control the loading of data.
Related violations: <none>

PDRC-153#53 Warning
Gated clock check  
Net fpga_core_inst/mqtt_top_inst/msg_fifo_inst/axis_fifo_t/E[57] is a gated clock net sourced by a combinational pin fpga_core_inst/mqtt_top_inst/msg_fifo_inst/axis_fifo_t/tdata_next_reg[751]_i_2/O, cell fpga_core_inst/mqtt_top_inst/msg_fifo_inst/axis_fifo_t/tdata_next_reg[751]_i_2. This is not good design practice and will likely impact performance. For SLICE registers, for example, use the CE pin to control the loading of data.
Related violations: <none>

PDRC-153#54 Warning
Gated clock check  
Net fpga_core_inst/mqtt_top_inst/msg_fifo_inst/axis_fifo_t/E[58] is a gated clock net sourced by a combinational pin fpga_core_inst/mqtt_top_inst/msg_fifo_inst/axis_fifo_t/tdata_next_reg[759]_i_2/O, cell fpga_core_inst/mqtt_top_inst/msg_fifo_inst/axis_fifo_t/tdata_next_reg[759]_i_2. This is not good design practice and will likely impact performance. For SLICE registers, for example, use the CE pin to control the loading of data.
Related violations: <none>

PDRC-153#55 Warning
Gated clock check  
Net fpga_core_inst/mqtt_top_inst/msg_fifo_inst/axis_fifo_t/E[59] is a gated clock net sourced by a combinational pin fpga_core_inst/mqtt_top_inst/msg_fifo_inst/axis_fifo_t/tdata_next_reg[767]_i_2/O, cell fpga_core_inst/mqtt_top_inst/msg_fifo_inst/axis_fifo_t/tdata_next_reg[767]_i_2. This is not good design practice and will likely impact performance. For SLICE registers, for example, use the CE pin to control the loading of data.
Related violations: <none>

PDRC-153#56 Warning
Gated clock check  
Net fpga_core_inst/mqtt_top_inst/msg_fifo_inst/axis_fifo_t/E[5] is a gated clock net sourced by a combinational pin fpga_core_inst/mqtt_top_inst/msg_fifo_inst/axis_fifo_t/tdata_next_reg[335]_i_2/O, cell fpga_core_inst/mqtt_top_inst/msg_fifo_inst/axis_fifo_t/tdata_next_reg[335]_i_2. This is not good design practice and will likely impact performance. For SLICE registers, for example, use the CE pin to control the loading of data.
Related violations: <none>

PDRC-153#57 Warning
Gated clock check  
Net fpga_core_inst/mqtt_top_inst/msg_fifo_inst/axis_fifo_t/E[60] is a gated clock net sourced by a combinational pin fpga_core_inst/mqtt_top_inst/msg_fifo_inst/axis_fifo_t/tdata_next_reg[775]_i_2/O, cell fpga_core_inst/mqtt_top_inst/msg_fifo_inst/axis_fifo_t/tdata_next_reg[775]_i_2. This is not good design practice and will likely impact performance. For SLICE registers, for example, use the CE pin to control the loading of data.
Related violations: <none>

PDRC-153#58 Warning
Gated clock check  
Net fpga_core_inst/mqtt_top_inst/msg_fifo_inst/axis_fifo_t/E[61] is a gated clock net sourced by a combinational pin fpga_core_inst/mqtt_top_inst/msg_fifo_inst/axis_fifo_t/tdata_next_reg[783]_i_2/O, cell fpga_core_inst/mqtt_top_inst/msg_fifo_inst/axis_fifo_t/tdata_next_reg[783]_i_2. This is not good design practice and will likely impact performance. For SLICE registers, for example, use the CE pin to control the loading of data.
Related violations: <none>

PDRC-153#59 Warning
Gated clock check  
Net fpga_core_inst/mqtt_top_inst/msg_fifo_inst/axis_fifo_t/E[62] is a gated clock net sourced by a combinational pin fpga_core_inst/mqtt_top_inst/msg_fifo_inst/axis_fifo_t/tdata_next_reg[791]_i_2/O, cell fpga_core_inst/mqtt_top_inst/msg_fifo_inst/axis_fifo_t/tdata_next_reg[791]_i_2. This is not good design practice and will likely impact performance. For SLICE registers, for example, use the CE pin to control the loading of data.
Related violations: <none>

PDRC-153#60 Warning
Gated clock check  
Net fpga_core_inst/mqtt_top_inst/msg_fifo_inst/axis_fifo_t/E[63] is a gated clock net sourced by a combinational pin fpga_core_inst/mqtt_top_inst/msg_fifo_inst/axis_fifo_t/tdata_next_reg[799]_i_2/O, cell fpga_core_inst/mqtt_top_inst/msg_fifo_inst/axis_fifo_t/tdata_next_reg[799]_i_2. This is not good design practice and will likely impact performance. For SLICE registers, for example, use the CE pin to control the loading of data.
Related violations: <none>

PDRC-153#61 Warning
Gated clock check  
Net fpga_core_inst/mqtt_top_inst/msg_fifo_inst/axis_fifo_t/E[64] is a gated clock net sourced by a combinational pin fpga_core_inst/mqtt_top_inst/msg_fifo_inst/axis_fifo_t/tdata_next_reg[807]_i_2/O, cell fpga_core_inst/mqtt_top_inst/msg_fifo_inst/axis_fifo_t/tdata_next_reg[807]_i_2. This is not good design practice and will likely impact performance. For SLICE registers, for example, use the CE pin to control the loading of data.
Related violations: <none>

PDRC-153#62 Warning
Gated clock check  
Net fpga_core_inst/mqtt_top_inst/msg_fifo_inst/axis_fifo_t/E[65] is a gated clock net sourced by a combinational pin fpga_core_inst/mqtt_top_inst/msg_fifo_inst/axis_fifo_t/tdata_next_reg[815]_i_2/O, cell fpga_core_inst/mqtt_top_inst/msg_fifo_inst/axis_fifo_t/tdata_next_reg[815]_i_2. This is not good design practice and will likely impact performance. For SLICE registers, for example, use the CE pin to control the loading of data.
Related violations: <none>

PDRC-153#63 Warning
Gated clock check  
Net fpga_core_inst/mqtt_top_inst/msg_fifo_inst/axis_fifo_t/E[66] is a gated clock net sourced by a combinational pin fpga_core_inst/mqtt_top_inst/msg_fifo_inst/axis_fifo_t/tdata_next_reg[823]_i_2/O, cell fpga_core_inst/mqtt_top_inst/msg_fifo_inst/axis_fifo_t/tdata_next_reg[823]_i_2. This is not good design practice and will likely impact performance. For SLICE registers, for example, use the CE pin to control the loading of data.
Related violations: <none>

PDRC-153#64 Warning
Gated clock check  
Net fpga_core_inst/mqtt_top_inst/msg_fifo_inst/axis_fifo_t/E[67] is a gated clock net sourced by a combinational pin fpga_core_inst/mqtt_top_inst/msg_fifo_inst/axis_fifo_t/tdata_next_reg[831]_i_2/O, cell fpga_core_inst/mqtt_top_inst/msg_fifo_inst/axis_fifo_t/tdata_next_reg[831]_i_2. This is not good design practice and will likely impact performance. For SLICE registers, for example, use the CE pin to control the loading of data.
Related violations: <none>

PDRC-153#65 Warning
Gated clock check  
Net fpga_core_inst/mqtt_top_inst/msg_fifo_inst/axis_fifo_t/E[68] is a gated clock net sourced by a combinational pin fpga_core_inst/mqtt_top_inst/msg_fifo_inst/axis_fifo_t/tdata_next_reg[839]_i_2/O, cell fpga_core_inst/mqtt_top_inst/msg_fifo_inst/axis_fifo_t/tdata_next_reg[839]_i_2. This is not good design practice and will likely impact performance. For SLICE registers, for example, use the CE pin to control the loading of data.
Related violations: <none>

PDRC-153#66 Warning
Gated clock check  
Net fpga_core_inst/mqtt_top_inst/msg_fifo_inst/axis_fifo_t/E[69] is a gated clock net sourced by a combinational pin fpga_core_inst/mqtt_top_inst/msg_fifo_inst/axis_fifo_t/tdata_next_reg[847]_i_2/O, cell fpga_core_inst/mqtt_top_inst/msg_fifo_inst/axis_fifo_t/tdata_next_reg[847]_i_2. This is not good design practice and will likely impact performance. For SLICE registers, for example, use the CE pin to control the loading of data.
Related violations: <none>

PDRC-153#67 Warning
Gated clock check  
Net fpga_core_inst/mqtt_top_inst/msg_fifo_inst/axis_fifo_t/E[6] is a gated clock net sourced by a combinational pin fpga_core_inst/mqtt_top_inst/msg_fifo_inst/axis_fifo_t/tdata_next_reg[343]_i_2/O, cell fpga_core_inst/mqtt_top_inst/msg_fifo_inst/axis_fifo_t/tdata_next_reg[343]_i_2. This is not good design practice and will likely impact performance. For SLICE registers, for example, use the CE pin to control the loading of data.
Related violations: <none>

PDRC-153#68 Warning
Gated clock check  
Net fpga_core_inst/mqtt_top_inst/msg_fifo_inst/axis_fifo_t/E[70] is a gated clock net sourced by a combinational pin fpga_core_inst/mqtt_top_inst/msg_fifo_inst/axis_fifo_t/tdata_next_reg[855]_i_2/O, cell fpga_core_inst/mqtt_top_inst/msg_fifo_inst/axis_fifo_t/tdata_next_reg[855]_i_2. This is not good design practice and will likely impact performance. For SLICE registers, for example, use the CE pin to control the loading of data.
Related violations: <none>

PDRC-153#69 Warning
Gated clock check  
Net fpga_core_inst/mqtt_top_inst/msg_fifo_inst/axis_fifo_t/E[71] is a gated clock net sourced by a combinational pin fpga_core_inst/mqtt_top_inst/msg_fifo_inst/axis_fifo_t/tdata_next_reg[863]_i_2/O, cell fpga_core_inst/mqtt_top_inst/msg_fifo_inst/axis_fifo_t/tdata_next_reg[863]_i_2. This is not good design practice and will likely impact performance. For SLICE registers, for example, use the CE pin to control the loading of data.
Related violations: <none>

PDRC-153#70 Warning
Gated clock check  
Net fpga_core_inst/mqtt_top_inst/msg_fifo_inst/axis_fifo_t/E[72] is a gated clock net sourced by a combinational pin fpga_core_inst/mqtt_top_inst/msg_fifo_inst/axis_fifo_t/tdata_next_reg[871]_i_2/O, cell fpga_core_inst/mqtt_top_inst/msg_fifo_inst/axis_fifo_t/tdata_next_reg[871]_i_2. This is not good design practice and will likely impact performance. For SLICE registers, for example, use the CE pin to control the loading of data.
Related violations: <none>

PDRC-153#71 Warning
Gated clock check  
Net fpga_core_inst/mqtt_top_inst/msg_fifo_inst/axis_fifo_t/E[73] is a gated clock net sourced by a combinational pin fpga_core_inst/mqtt_top_inst/msg_fifo_inst/axis_fifo_t/tdata_next_reg[879]_i_2/O, cell fpga_core_inst/mqtt_top_inst/msg_fifo_inst/axis_fifo_t/tdata_next_reg[879]_i_2. This is not good design practice and will likely impact performance. For SLICE registers, for example, use the CE pin to control the loading of data.
Related violations: <none>

PDRC-153#72 Warning
Gated clock check  
Net fpga_core_inst/mqtt_top_inst/msg_fifo_inst/axis_fifo_t/E[74] is a gated clock net sourced by a combinational pin fpga_core_inst/mqtt_top_inst/msg_fifo_inst/axis_fifo_t/tdata_next_reg[887]_i_2/O, cell fpga_core_inst/mqtt_top_inst/msg_fifo_inst/axis_fifo_t/tdata_next_reg[887]_i_2. This is not good design practice and will likely impact performance. For SLICE registers, for example, use the CE pin to control the loading of data.
Related violations: <none>

PDRC-153#73 Warning
Gated clock check  
Net fpga_core_inst/mqtt_top_inst/msg_fifo_inst/axis_fifo_t/E[75] is a gated clock net sourced by a combinational pin fpga_core_inst/mqtt_top_inst/msg_fifo_inst/axis_fifo_t/tdata_next_reg[895]_i_2/O, cell fpga_core_inst/mqtt_top_inst/msg_fifo_inst/axis_fifo_t/tdata_next_reg[895]_i_2. This is not good design practice and will likely impact performance. For SLICE registers, for example, use the CE pin to control the loading of data.
Related violations: <none>

PDRC-153#74 Warning
Gated clock check  
Net fpga_core_inst/mqtt_top_inst/msg_fifo_inst/axis_fifo_t/E[76] is a gated clock net sourced by a combinational pin fpga_core_inst/mqtt_top_inst/msg_fifo_inst/axis_fifo_t/tdata_next_reg[903]_i_2/O, cell fpga_core_inst/mqtt_top_inst/msg_fifo_inst/axis_fifo_t/tdata_next_reg[903]_i_2. This is not good design practice and will likely impact performance. For SLICE registers, for example, use the CE pin to control the loading of data.
Related violations: <none>

PDRC-153#75 Warning
Gated clock check  
Net fpga_core_inst/mqtt_top_inst/msg_fifo_inst/axis_fifo_t/E[77] is a gated clock net sourced by a combinational pin fpga_core_inst/mqtt_top_inst/msg_fifo_inst/axis_fifo_t/tdata_next_reg[911]_i_2/O, cell fpga_core_inst/mqtt_top_inst/msg_fifo_inst/axis_fifo_t/tdata_next_reg[911]_i_2. This is not good design practice and will likely impact performance. For SLICE registers, for example, use the CE pin to control the loading of data.
Related violations: <none>

PDRC-153#76 Warning
Gated clock check  
Net fpga_core_inst/mqtt_top_inst/msg_fifo_inst/axis_fifo_t/E[78] is a gated clock net sourced by a combinational pin fpga_core_inst/mqtt_top_inst/msg_fifo_inst/axis_fifo_t/tdata_next_reg[919]_i_2/O, cell fpga_core_inst/mqtt_top_inst/msg_fifo_inst/axis_fifo_t/tdata_next_reg[919]_i_2. This is not good design practice and will likely impact performance. For SLICE registers, for example, use the CE pin to control the loading of data.
Related violations: <none>

PDRC-153#77 Warning
Gated clock check  
Net fpga_core_inst/mqtt_top_inst/msg_fifo_inst/axis_fifo_t/E[79] is a gated clock net sourced by a combinational pin fpga_core_inst/mqtt_top_inst/msg_fifo_inst/axis_fifo_t/tdata_next_reg[927]_i_2/O, cell fpga_core_inst/mqtt_top_inst/msg_fifo_inst/axis_fifo_t/tdata_next_reg[927]_i_2. This is not good design practice and will likely impact performance. For SLICE registers, for example, use the CE pin to control the loading of data.
Related violations: <none>

PDRC-153#78 Warning
Gated clock check  
Net fpga_core_inst/mqtt_top_inst/msg_fifo_inst/axis_fifo_t/E[7] is a gated clock net sourced by a combinational pin fpga_core_inst/mqtt_top_inst/msg_fifo_inst/axis_fifo_t/tdata_next_reg[351]_i_2/O, cell fpga_core_inst/mqtt_top_inst/msg_fifo_inst/axis_fifo_t/tdata_next_reg[351]_i_2. This is not good design practice and will likely impact performance. For SLICE registers, for example, use the CE pin to control the loading of data.
Related violations: <none>

PDRC-153#79 Warning
Gated clock check  
Net fpga_core_inst/mqtt_top_inst/msg_fifo_inst/axis_fifo_t/E[80] is a gated clock net sourced by a combinational pin fpga_core_inst/mqtt_top_inst/msg_fifo_inst/axis_fifo_t/tdata_next_reg[935]_i_2/O, cell fpga_core_inst/mqtt_top_inst/msg_fifo_inst/axis_fifo_t/tdata_next_reg[935]_i_2. This is not good design practice and will likely impact performance. For SLICE registers, for example, use the CE pin to control the loading of data.
Related violations: <none>

PDRC-153#80 Warning
Gated clock check  
Net fpga_core_inst/mqtt_top_inst/msg_fifo_inst/axis_fifo_t/E[81] is a gated clock net sourced by a combinational pin fpga_core_inst/mqtt_top_inst/msg_fifo_inst/axis_fifo_t/tdata_next_reg[943]_i_2/O, cell fpga_core_inst/mqtt_top_inst/msg_fifo_inst/axis_fifo_t/tdata_next_reg[943]_i_2. This is not good design practice and will likely impact performance. For SLICE registers, for example, use the CE pin to control the loading of data.
Related violations: <none>

PDRC-153#81 Warning
Gated clock check  
Net fpga_core_inst/mqtt_top_inst/msg_fifo_inst/axis_fifo_t/E[82] is a gated clock net sourced by a combinational pin fpga_core_inst/mqtt_top_inst/msg_fifo_inst/axis_fifo_t/tdata_next_reg[951]_i_2/O, cell fpga_core_inst/mqtt_top_inst/msg_fifo_inst/axis_fifo_t/tdata_next_reg[951]_i_2. This is not good design practice and will likely impact performance. For SLICE registers, for example, use the CE pin to control the loading of data.
Related violations: <none>

PDRC-153#82 Warning
Gated clock check  
Net fpga_core_inst/mqtt_top_inst/msg_fifo_inst/axis_fifo_t/E[83] is a gated clock net sourced by a combinational pin fpga_core_inst/mqtt_top_inst/msg_fifo_inst/axis_fifo_t/tdata_next_reg[959]_i_2/O, cell fpga_core_inst/mqtt_top_inst/msg_fifo_inst/axis_fifo_t/tdata_next_reg[959]_i_2. This is not good design practice and will likely impact performance. For SLICE registers, for example, use the CE pin to control the loading of data.
Related violations: <none>

PDRC-153#83 Warning
Gated clock check  
Net fpga_core_inst/mqtt_top_inst/msg_fifo_inst/axis_fifo_t/E[84] is a gated clock net sourced by a combinational pin fpga_core_inst/mqtt_top_inst/msg_fifo_inst/axis_fifo_t/tdata_next_reg[967]_i_2/O, cell fpga_core_inst/mqtt_top_inst/msg_fifo_inst/axis_fifo_t/tdata_next_reg[967]_i_2. This is not good design practice and will likely impact performance. For SLICE registers, for example, use the CE pin to control the loading of data.
Related violations: <none>

PDRC-153#84 Warning
Gated clock check  
Net fpga_core_inst/mqtt_top_inst/msg_fifo_inst/axis_fifo_t/E[85] is a gated clock net sourced by a combinational pin fpga_core_inst/mqtt_top_inst/msg_fifo_inst/axis_fifo_t/tdata_next_reg[975]_i_2/O, cell fpga_core_inst/mqtt_top_inst/msg_fifo_inst/axis_fifo_t/tdata_next_reg[975]_i_2. This is not good design practice and will likely impact performance. For SLICE registers, for example, use the CE pin to control the loading of data.
Related violations: <none>

PDRC-153#85 Warning
Gated clock check  
Net fpga_core_inst/mqtt_top_inst/msg_fifo_inst/axis_fifo_t/E[86] is a gated clock net sourced by a combinational pin fpga_core_inst/mqtt_top_inst/msg_fifo_inst/axis_fifo_t/tdata_next_reg[983]_i_2/O, cell fpga_core_inst/mqtt_top_inst/msg_fifo_inst/axis_fifo_t/tdata_next_reg[983]_i_2. This is not good design practice and will likely impact performance. For SLICE registers, for example, use the CE pin to control the loading of data.
Related violations: <none>

PDRC-153#86 Warning
Gated clock check  
Net fpga_core_inst/mqtt_top_inst/msg_fifo_inst/axis_fifo_t/E[87] is a gated clock net sourced by a combinational pin fpga_core_inst/mqtt_top_inst/msg_fifo_inst/axis_fifo_t/tdata_next_reg[991]_i_2/O, cell fpga_core_inst/mqtt_top_inst/msg_fifo_inst/axis_fifo_t/tdata_next_reg[991]_i_2. This is not good design practice and will likely impact performance. For SLICE registers, for example, use the CE pin to control the loading of data.
Related violations: <none>

PDRC-153#87 Warning
Gated clock check  
Net fpga_core_inst/mqtt_top_inst/msg_fifo_inst/axis_fifo_t/E[88] is a gated clock net sourced by a combinational pin fpga_core_inst/mqtt_top_inst/msg_fifo_inst/axis_fifo_t/tdata_next_reg[999]_i_2/O, cell fpga_core_inst/mqtt_top_inst/msg_fifo_inst/axis_fifo_t/tdata_next_reg[999]_i_2. This is not good design practice and will likely impact performance. For SLICE registers, for example, use the CE pin to control the loading of data.
Related violations: <none>

PDRC-153#88 Warning
Gated clock check  
Net fpga_core_inst/mqtt_top_inst/msg_fifo_inst/axis_fifo_t/E[89] is a gated clock net sourced by a combinational pin fpga_core_inst/mqtt_top_inst/msg_fifo_inst/axis_fifo_t/tdata_next_reg[1007]_i_2/O, cell fpga_core_inst/mqtt_top_inst/msg_fifo_inst/axis_fifo_t/tdata_next_reg[1007]_i_2. This is not good design practice and will likely impact performance. For SLICE registers, for example, use the CE pin to control the loading of data.
Related violations: <none>

PDRC-153#89 Warning
Gated clock check  
Net fpga_core_inst/mqtt_top_inst/msg_fifo_inst/axis_fifo_t/E[8] is a gated clock net sourced by a combinational pin fpga_core_inst/mqtt_top_inst/msg_fifo_inst/axis_fifo_t/tdata_next_reg[359]_i_2/O, cell fpga_core_inst/mqtt_top_inst/msg_fifo_inst/axis_fifo_t/tdata_next_reg[359]_i_2. This is not good design practice and will likely impact performance. For SLICE registers, for example, use the CE pin to control the loading of data.
Related violations: <none>

PDRC-153#90 Warning
Gated clock check  
Net fpga_core_inst/mqtt_top_inst/msg_fifo_inst/axis_fifo_t/E[90] is a gated clock net sourced by a combinational pin fpga_core_inst/mqtt_top_inst/msg_fifo_inst/axis_fifo_t/tdata_next_reg[1015]_i_2/O, cell fpga_core_inst/mqtt_top_inst/msg_fifo_inst/axis_fifo_t/tdata_next_reg[1015]_i_2. This is not good design practice and will likely impact performance. For SLICE registers, for example, use the CE pin to control the loading of data.
Related violations: <none>

PDRC-153#91 Warning
Gated clock check  
Net fpga_core_inst/mqtt_top_inst/msg_fifo_inst/axis_fifo_t/E[91] is a gated clock net sourced by a combinational pin fpga_core_inst/mqtt_top_inst/msg_fifo_inst/axis_fifo_t/tdata_next_reg[1023]_i_2/O, cell fpga_core_inst/mqtt_top_inst/msg_fifo_inst/axis_fifo_t/tdata_next_reg[1023]_i_2. This is not good design practice and will likely impact performance. For SLICE registers, for example, use the CE pin to control the loading of data.
Related violations: <none>

PDRC-153#92 Warning
Gated clock check  
Net fpga_core_inst/mqtt_top_inst/msg_fifo_inst/axis_fifo_t/E[9] is a gated clock net sourced by a combinational pin fpga_core_inst/mqtt_top_inst/msg_fifo_inst/axis_fifo_t/tdata_next_reg[367]_i_2/O, cell fpga_core_inst/mqtt_top_inst/msg_fifo_inst/axis_fifo_t/tdata_next_reg[367]_i_2. This is not good design practice and will likely impact performance. For SLICE registers, for example, use the CE pin to control the loading of data.
Related violations: <none>


